C:\Users\koval\IdeaProjects\Password Manager\src\main\java\com\example\passmanager\controller\PasswordManagerController.java
C:\Users\koval\IdeaProjects\Password Manager\src\main\java\com\example\passmanager\service\PasswordGenerator.java
C:\Users\koval\IdeaProjects\Password Manager\src\main\java\com\example\passmanager\service\PasswordStrengthService.java
C:\Users\koval\IdeaProjects\Password Manager\src\main\java\com\example\passmanager\view\PasswordManagerView.java
C:\Users\koval\IdeaProjects\Password Manager\src\main\java\com\example\passmanager\model\PasswordStrength.java
C:\Users\koval\IdeaProjects\Password Manager\src\main\java\com\example\passmanager\PasswordManagerApplication.java
C:\Users\koval\IdeaProjects\Password Manager\src\main\java\com\example\passmanager\service\PasswordRepository.java
C:\Users\koval\IdeaProjects\Password Manager\src\main\java\com\example\passmanager\model\PasswordEntry.java
C:\Users\koval\IdeaProjects\Password Manager\src\main\java\com\example\passmanager\Main.java
C:\Users\koval\IdeaProjects\Password Manager\src\main\java\com\example\passmanager\service\EncryptionService.java
